10 9 8 7 6 10 9 8 7 6 10 9 8 7 6 2 10 10 11 12 13 10 11 12 13 14 10 11 12 13 14 
